// Jest Snapshot v1, https://goo.gl/fbAQLP

exports[`should match snapshot nullUser 1`] = `[Function]`;

exports[`should match snapshot user 1`] = `[Function]`;
