// Jest Snapshot v1, https://goo.gl/fbAQLP

exports[`matches snapshots 1`] = `[Function]`;

exports[`matches snapshots 2`] = `[Function]`;

exports[`matches snapshots 3`] = `[Function]`;
